EN flipflop_msb NULL /home/giorgio/Documenti/shiftregister/shiftregister/flipflop_msb.vhd sub00/vhpl10 1551983825
EN moltiplicatore_npernbit_robertson NULL /home/giorgio/Documenti/shiftregister/shiftregister/Moltiplicatore_NperNbit_Robertson.vhd sub00/vhpl26 1552081151
EN flipflopf NULL /home/giorgio/Documenti/shiftregister/shiftregister/flipflopF.vhd sub00/vhpl28 1552081147
AR registro behavioral /home/giorgio/Documenti/shiftregister/shiftregister/registro.vhd sub00/vhpl09 1552081146
EN mux2 NULL /home/giorgio/Documenti/shiftregister/shiftregister/MUX2.vhd sub00/vhpl00 1552081127
AR ffd behavioral /home/giorgio/Documenti/shiftregister/shiftregister/FFD.vhd sub00/vhpl03 1552081130
EN flipflopmux NULL /home/giorgio/Documenti/shiftregister/shiftregister/flipflopmux.vhd sub00/vhpl04 1552081137
AR shift_register behavioral /home/giorgio/Documenti/shiftregister/shiftregister/Shift_register.vhd sub00/vhpl07 1552081144
AR controllo_overflow behavioral /home/giorgio/Documenti/shiftregister/shiftregister/Controllo_Overflow.vhd sub00/vhpl21 1552081136
AR moltiplicatore_npernbit_robertson behavioral /home/giorgio/Documenti/shiftregister/shiftregister/Moltiplicatore_NperNbit_Robertson.vhd sub00/vhpl27 1552081152
EN ffd NULL /home/giorgio/Documenti/shiftregister/shiftregister/FFD.vhd sub00/vhpl02 1552081129
EN rca_add_sub NULL /home/giorgio/Documenti/shiftregister/shiftregister/RCA_ADD_SUB.vhd sub00/vhpl18 1552081149
AR flipflopmux structural /home/giorgio/Documenti/shiftregister/shiftregister/flipflopmux.vhd sub00/vhpl05 1552081138
EN xor_inversion NULL /home/giorgio/Documenti/shiftregister/shiftregister/XOR_Inversion.vhd sub00/vhpl12 1552081131
AR xor_inversion dataflow /home/giorgio/Documenti/shiftregister/shiftregister/XOR_Inversion.vhd sub00/vhpl13 1552081132
EN full_adder NULL /home/giorgio/Documenti/shiftregister/shiftregister/fulladder.vhd sub00/vhpl14 1552081125
AR rca_add_sub structural /home/giorgio/Documenti/shiftregister/shiftregister/RCA_ADD_SUB.vhd sub00/vhpl19 1552081150
EN counter_modn NULL /home/giorgio/Documenti/shiftregister/shiftregister/Counter_ModN.vhd sub00/vhpl22 1552081139
EN controlunit NULL /home/giorgio/Documenti/shiftregister/shiftregister/ControlUnit.vhd sub00/vhpl24 1552081141
AR mux2 dataflow /home/giorgio/Documenti/shiftregister/shiftregister/MUX2.vhd sub00/vhpl01 1552081128
EN shift_register NULL /home/giorgio/Documenti/shiftregister/shiftregister/Shift_register.vhd sub00/vhpl06 1552081143
AR flipflopf behavioral /home/giorgio/Documenti/shiftregister/shiftregister/flipflopF.vhd sub00/vhpl29 1552081148
AR flipflop_msb behavioral /home/giorgio/Documenti/shiftregister/shiftregister/flipflop_msb.vhd sub00/vhpl11 1551983826
AR counter_modn behavioral /home/giorgio/Documenti/shiftregister/shiftregister/Counter_ModN.vhd sub00/vhpl23 1552081140
AR controlunit behavioral /home/giorgio/Documenti/shiftregister/shiftregister/ControlUnit.vhd sub00/vhpl25 1552081142
AR full_adder dataflow /home/giorgio/Documenti/shiftregister/shiftregister/fulladder.vhd sub00/vhpl15 1552081126
EN controllo_overflow NULL /home/giorgio/Documenti/shiftregister/shiftregister/Controllo_Overflow.vhd sub00/vhpl20 1552081135
AR ripple_carry structural /home/giorgio/Documenti/shiftregister/shiftregister/ripplecarry.vhd sub00/vhpl17 1552081134
EN ripple_carry NULL /home/giorgio/Documenti/shiftregister/shiftregister/ripplecarry.vhd sub00/vhpl16 1552081133
EN registro NULL /home/giorgio/Documenti/shiftregister/shiftregister/registro.vhd sub00/vhpl08 1552081145
