EN top_alu_uart NULL /home/luca/ISE_ws/UART/TOP_ALU_UART.vhd sub00/vhpl14 1552908917
AR reg behavioral /home/luca/ISE_ws/UART/reg.vhd sub00/vhpl09 1552935613
EN display_seven_segments NULL /home/luca/ISE_ws/UART/display_seven_segments.vhd sub00/vhpl12 1552935616
EN cathodes_manager NULL /home/luca/ISE_ws/UART/cathodes_manager.vhd sub00/vhpl04 1552935608
AR anodes_manager behavioral /home/luca/ISE_ws/UART/anodes_manager.vhd sub00/vhpl07 1552935611
EN top_uart NULL /home/luca/ISE_ws/UART/TOP_ALU_UART.vhd sub00/vhpl16 1552935618
EN rs232refcomp NULL /home/luca/ISE_ws/UART/RS232RefComp.vhd sub00/vhpl10 1552935614
EN clk_filter_by_counter NULL /home/luca/ISE_ws/UART/clk_filter_byCounter.vhd sub00/vhpl02 1552935606
AR top_alu_uart behavioral /home/luca/ISE_ws/UART/TOP_ALU_UART.vhd sub00/vhpl15 1552908918
AR cathodes_manager behavioral /home/luca/ISE_ws/UART/cathodes_manager.vhd sub00/vhpl05 1552935609
AR rs232refcomp behavioral /home/luca/ISE_ws/UART/RS232RefComp.vhd sub00/vhpl11 1552935615
AR clk_filter_by_counter structural /home/luca/ISE_ws/UART/clk_filter_byCounter.vhd sub00/vhpl03 1552935607
AR top_uart behavioral /home/luca/ISE_ws/UART/TOP_ALU_UART.vhd sub00/vhpl17 1552935619
EN counter_modn NULL /home/luca/ISE_ws/UART/cont_modn.vhd sub00/vhpl00 1552935604
EN anodes_manager NULL /home/luca/ISE_ws/UART/anodes_manager.vhd sub00/vhpl06 1552935610
EN reg NULL /home/luca/ISE_ws/UART/reg.vhd sub00/vhpl08 1552935612
AR counter_modn behavioral /home/luca/ISE_ws/UART/cont_modn.vhd sub00/vhpl01 1552935605
AR display_seven_segments structural /home/luca/ISE_ws/UART/display_seven_segments.vhd sub00/vhpl13 1552935617
