AR rcaddsub structural /home/luca/ISE_ws/Divisore_non_rest/RCAddSub.vhd sub00/vhpl23 1552843086
EN flipflopd NULL /home/luca/ISE_ws/Divisore_non_rest/flipflopd.vhd sub00/vhpl04 1552843067
AR reg behavioral /home/luca/ISE_ws/Divisore_non_rest/reg.vhd sub00/vhpl15 1552843078
EN mux2 NULL /home/luca/ISE_ws/Divisore_non_rest/mux2.vhd sub00/vhpl02 1552843065
EN flipflopmux NULL /home/luca/ISE_ws/Divisore_non_rest/flipflopmux.vhd sub00/vhpl12 1552843075
AR shift_register behavioral /home/luca/ISE_ws/Divisore_non_rest/shift_register.vhd sub00/vhpl17 1552843080
AR control_unit behavioral /home/luca/ISE_ws/Divisore_non_rest/control_unit.vhd sub00/vhpl25 1552843088
EN xorinversion NULL /home/luca/ISE_ws/Divisore_non_rest/xorInversion.vhd sub00/vhpl06 1552843069
EN divisore_non_restoring NULL /home/luca/ISE_ws/Divisore_non_rest/divisore_non_restoring.vhd sub00/vhpl26 1552843089
AR muxn behavioral /home/luca/ISE_ws/Divisore_non_rest/MUXN.vhd sub00/vhpl19 1552843082
AR controllo_overflow behavioral /home/luca/ISE_ws/Divisore_non_rest/Controllo_Overflow.vhd sub00/vhpl11 1552843074
EN muxn NULL /home/luca/ISE_ws/Divisore_non_rest/MUXN.vhd sub00/vhpl18 1552843081
AR flipflopmux structural /home/luca/ISE_ws/Divisore_non_rest/flipflopmux.vhd sub00/vhpl13 1552843076
AR divisore_non_restoring structural /home/luca/ISE_ws/Divisore_non_rest/divisore_non_restoring.vhd sub00/vhpl27 1552843090
EN full_adder NULL /home/luca/ISE_ws/Divisore_non_rest/fulladder.vhd sub00/vhpl00 1552843063
EN counter_modn NULL /home/luca/ISE_ws/Divisore_non_rest/cont_modn.vhd sub00/vhpl20 1552843083
AR mux2 dataflow /home/luca/ISE_ws/Divisore_non_rest/mux2.vhd sub00/vhpl03 1552843066
EN shift_register NULL /home/luca/ISE_ws/Divisore_non_rest/shift_register.vhd sub00/vhpl16 1552843079
EN control_unit NULL /home/luca/ISE_ws/Divisore_non_rest/control_unit.vhd sub00/vhpl24 1552843087
AR xorinversion dataflow /home/luca/ISE_ws/Divisore_non_rest/xorInversion.vhd sub00/vhpl07 1552843070
EN rcaddsub NULL /home/luca/ISE_ws/Divisore_non_rest/RCAddSub.vhd sub00/vhpl22 1552843085
EN reg NULL /home/luca/ISE_ws/Divisore_non_rest/reg.vhd sub00/vhpl14 1552843077
AR counter_modn behavioral /home/luca/ISE_ws/Divisore_non_rest/cont_modn.vhd sub00/vhpl21 1552843084
AR full_adder dataflow /home/luca/ISE_ws/Divisore_non_rest/fulladder.vhd sub00/vhpl01 1552843064
EN controllo_overflow NULL /home/luca/ISE_ws/Divisore_non_rest/Controllo_Overflow.vhd sub00/vhpl10 1552843073
AR flipflopd behavioral /home/luca/ISE_ws/Divisore_non_rest/flipflopd.vhd sub00/vhpl05 1552843068
AR ripple_carry structural /home/luca/ISE_ws/Divisore_non_rest/ripplecarry.vhd sub00/vhpl09 1552843072
EN ripple_carry NULL /home/luca/ISE_ws/Divisore_non_rest/ripplecarry.vhd sub00/vhpl08 1552843071
