V3 55
FL /home/luca/ISE_ws/Divisore_non_rest/Controllo_Overflow.vhd 2016/12/14.14:10:02 P.20131013
EN work/Controllo_Overflow 1552843073 \
      FL /home/luca/ISE_ws/Divisore_non_rest/Controllo_Overflow.vhd \
      PB ieee/std_logic_1164 1381692176
AR work/Controllo_Overflow/Behavioral 1552843074 \
      FL /home/luca/ISE_ws/Divisore_non_rest/Controllo_Overflow.vhd \
      EN work/Controllo_Overflow 1552843073
FL /home/luca/ISE_ws/Divisore_non_rest/control_unit.vhd 2019/03/17.18:01:26 P.20131013
EN work/control_unit 1552843087 \
      FL /home/luca/ISE_ws/Divisore_non_rest/control_unit.vhd \
      PB ieee/std_logic_1164 1381692176
AR work/control_unit/Behavioral 1552843088 \
      FL /home/luca/ISE_ws/Divisore_non_rest/control_unit.vhd \
      EN work/control_unit 1552843087
FL /home/luca/ISE_ws/Divisore_non_rest/cont_modn.vhd 2019/03/16.17:12:41 P.20131013
EN work/Counter_ModN 1552843083 \
      FL /home/luca/ISE_ws/Divisore_non_rest/cont_modn.vhd PB ieee/std_logic_1164 1381692176 \
      PB ieee/MATH_REAL 1381692182 PB ieee/std_logic_arith 1381692177
AR work/Counter_ModN/Behavioral 1552843084 \
      FL /home/luca/ISE_ws/Divisore_non_rest/cont_modn.vhd EN work/Counter_ModN 1552843083
FL /home/luca/ISE_ws/Divisore_non_rest/divisore_non_restoring.vhd 2019/03/16.17:23:18 P.20131013
EN work/divisore_non_restoring 1552843089 \
      FL /home/luca/ISE_ws/Divisore_non_rest/divisore_non_restoring.vhd \
      PB ieee/std_logic_1164 1381692176 PB ieee/NUMERIC_STD 1381692181 \
      PB ieee/MATH_REAL 1381692182
AR work/divisore_non_restoring/Structural 1552843090 \
      FL /home/luca/ISE_ws/Divisore_non_rest/divisore_non_restoring.vhd \
      EN work/divisore_non_restoring 1552843089 CP reg CP shift_register CP MUXN \
      CP Counter_ModN CP RCAddSub CP control_unit
FL /home/luca/ISE_ws/Divisore_non_rest/flipflopd.vhd 2016/12/13.18:01:57 P.20131013
EN work/flipflopd 1552843067 FL /home/luca/ISE_ws/Divisore_non_rest/flipflopd.vhd \
      PB ieee/std_logic_1164 1381692176
AR work/flipflopd/Behavioral 1552843068 \
      FL /home/luca/ISE_ws/Divisore_non_rest/flipflopd.vhd EN work/flipflopd 1552843067
FL /home/luca/ISE_ws/Divisore_non_rest/flipflopmux.vhd 2016/12/13.17:30:57 P.20131013
EN work/flipflopmux 1552843075 \
      FL /home/luca/ISE_ws/Divisore_non_rest/flipflopmux.vhd \
      PB ieee/std_logic_1164 1381692176
AR work/flipflopmux/Structural 1552843076 \
      FL /home/luca/ISE_ws/Divisore_non_rest/flipflopmux.vhd EN work/flipflopmux 1552843075 \
      CP mux2 CP flipflopd
FL /home/luca/ISE_ws/Divisore_non_rest/fulladder.vhd 2016/12/14.14:10:04 P.20131013
EN work/full_adder 1552843063 \
      FL /home/luca/ISE_ws/Divisore_non_rest/fulladder.vhd PB ieee/std_logic_1164 1381692176
AR work/full_adder/Dataflow 1552843064 \
      FL /home/luca/ISE_ws/Divisore_non_rest/fulladder.vhd EN work/full_adder 1552843063
FL /home/luca/ISE_ws/Divisore_non_rest/mux2.vhd 2016/12/13.16:32:10 P.20131013
EN work/mux2 1552843065 FL /home/luca/ISE_ws/Divisore_non_rest/mux2.vhd \
      PB ieee/std_logic_1164 1381692176
AR work/mux2/Dataflow 1552843066 \
      FL /home/luca/ISE_ws/Divisore_non_rest/mux2.vhd EN work/mux2 1552843065
FL /home/luca/ISE_ws/Divisore_non_rest/MUXN.vhd 2019/03/14.19:28:24 P.20131013
EN work/MUXN 1552843081 FL /home/luca/ISE_ws/Divisore_non_rest/MUXN.vhd \
      PB ieee/std_logic_1164 1381692176
AR work/MUXN/Behavioral 1552843082 \
      FL /home/luca/ISE_ws/Divisore_non_rest/MUXN.vhd EN work/MUXN 1552843081
FL /home/luca/ISE_ws/Divisore_non_rest/RCAddSub.vhd 2016/12/14.14:10:20 P.20131013
EN work/RCAddSub 1552843085 FL /home/luca/ISE_ws/Divisore_non_rest/RCAddSub.vhd \
      PB ieee/std_logic_1164 1381692176
AR work/RCAddSub/Structural 1552843086 \
      FL /home/luca/ISE_ws/Divisore_non_rest/RCAddSub.vhd EN work/RCAddSub 1552843085 \
      CP xorInversion CP ripple_carry CP Controllo_Overflow
FL /home/luca/ISE_ws/Divisore_non_rest/reg.vhd 2016/12/14.14:10:22 P.20131013
EN work/reg 1552843077 FL /home/luca/ISE_ws/Divisore_non_rest/reg.vhd \
      PB ieee/std_logic_1164 1381692176
AR work/reg/Behavioral 1552843078 \
      FL /home/luca/ISE_ws/Divisore_non_rest/reg.vhd EN work/reg 1552843077
FL /home/luca/ISE_ws/Divisore_non_rest/ripplecarry.vhd 2016/12/14.14:10:24 P.20131013
EN work/ripple_carry 1552843071 \
      FL /home/luca/ISE_ws/Divisore_non_rest/ripplecarry.vhd \
      PB ieee/std_logic_1164 1381692176
AR work/ripple_carry/Structural 1552843072 \
      FL /home/luca/ISE_ws/Divisore_non_rest/ripplecarry.vhd EN work/ripple_carry 1552843071 \
      CP full_adder
FL /home/luca/ISE_ws/Divisore_non_rest/shift_register.vhd 2019/03/14.20:20:54 P.20131013
EN work/shift_register 1552843079 \
      FL /home/luca/ISE_ws/Divisore_non_rest/shift_register.vhd \
      PB ieee/std_logic_1164 1381692176
AR work/shift_register/Behavioral 1552843080 \
      FL /home/luca/ISE_ws/Divisore_non_rest/shift_register.vhd \
      EN work/shift_register 1552843079 CP flipflopmux
FL /home/luca/ISE_ws/Divisore_non_rest/xorInversion.vhd 2016/12/14.14:10:30 P.20131013
EN work/xorInversion 1552843069 \
      FL /home/luca/ISE_ws/Divisore_non_rest/xorInversion.vhd \
      PB ieee/std_logic_1164 1381692176
AR work/xorInversion/Dataflow 1552843070 \
      FL /home/luca/ISE_ws/Divisore_non_rest/xorInversion.vhd \
      EN work/xorInversion 1552843069
