EN mic1 NULL /home/luca/Scrivania/design/OR_con_constante/mic1_fpga/mic1.vhd sub00/vhpl39 1553456183
EN decodifica_indirizzi NULL /home/luca/Scrivania/design/OR_con_constante/mic1_fpga/decodifica_indirizzi.vhd sub00/vhpl47 1553456191
AR sistema_mic1 behavioral /home/luca/Scrivania/design/OR_con_constante/mic1_fpga/sistema_mic1.vhd sub00/vhpl52 1553456194
AR parte_di_controllo behavioral /home/luca/Scrivania/design/OR_con_constante/mic1_fpga/pc.vhd sub00/vhpl34 1553456176
EN dff NULL /home/luca/Scrivania/design/OR_con_constante/mic1_fpga/dff.vhd sub00/vhpl02 1553456150
EN sistema_mic1 NULL /home/luca/Scrivania/design/OR_con_constante/mic1_fpga/sistema_mic1.vhd sub00/vhpl51 1553456193
EN high_bit NULL /home/luca/Scrivania/design/OR_con_constante/mic1_fpga/high_bit.vhd sub00/vhpl23 1553456171
AR boot_rom basic /home/luca/Scrivania/design/OR_con_constante/mic1_fpga/rom8.vhd sub00/vhpl42 1553456186
PH costanti NULL /home/luca/Scrivania/design/OR_con_constante/mic1_fpga/control_store.vhd sub00/vhpl16 1553456164
EN posedge_reg_enable NULL /home/luca/Scrivania/design/OR_con_constante/mic1_fpga/posedge_reg_enable.vhd sub00/vhpl06 1553456154
EN divisore_freq NULL /home/luca/Scrivania/design/OR_con_constante/mic1_fpga/divisore.vhd sub00/vhpl37 1553456181
EN parte_operativa NULL /home/luca/Scrivania/design/OR_con_constante/mic1_fpga/parte_operativa.vhd sub00/vhpl35 1553456177
AR if_uart behavioral C:/Users/mazze/Xilinx/Mic1/mic1_fpga/if_uart.vhd sub00/vhpl50 1546532796
EN oring NULL /home/luca/Scrivania/design/OR_con_constante/mic1_fpga/oring.vhd sub00/vhpl19 1553456167
AR baud_gen arch C:/Users/mazze/Xilinx/Mic1/mic1_fpga/baud_rate_gen.vhd sub00/vhpl28 1546532774
AR oring behavioral /home/luca/Scrivania/design/OR_con_constante/mic1_fpga/oring.vhd sub00/vhpl20 1553456168
EN cpool_rom NULL /home/luca/Scrivania/design/OR_con_constante/mic1_fpga/constant_pool_rom.vhd sub00/vhpl45 1553456189
AR cpool_rom basic /home/luca/Scrivania/design/OR_con_constante/mic1_fpga/constant_pool_rom.vhd sub00/vhpl46 1553456190
AR posedge_reg_enable behavioral /home/luca/Scrivania/design/OR_con_constante/mic1_fpga/posedge_reg_enable.vhd sub00/vhpl07 1553456155
AR decoder behavioral /home/luca/Scrivania/design/OR_con_constante/mic1_fpga/4to16decoder.vhd sub00/vhpl26 1553456174
AR mdr_register behavioral /home/luca/Scrivania/design/OR_con_constante/mic1_fpga/mdr_register.vhd sub00/vhpl09 1553456157
AR decodifica_indirizzi behavioral /home/luca/Scrivania/design/OR_con_constante/mic1_fpga/decodifica_indirizzi.vhd sub00/vhpl48 1553456192
EN shifter NULL /home/luca/Scrivania/design/OR_con_constante/mic1_fpga/shifter.vhd sub00/vhpl04 1553456152
EN parte_di_controllo NULL /home/luca/Scrivania/design/OR_con_constante/mic1_fpga/pc.vhd sub00/vhpl33 1553456175
EN mbr_register NULL /home/luca/Scrivania/design/OR_con_constante/mic1_fpga/mbr.vhd sub00/vhpl10 1553456158
AR neg_edge_reg behavioral /home/luca/Scrivania/design/OR_con_constante/mic1_fpga/neg_edge_reg.vhd sub00/vhpl15 1553456163
EN mpc NULL /home/luca/Scrivania/design/OR_con_constante/mic1_fpga/mpc.vhd sub00/vhpl21 1553456169
AR parte_operativa behavioral /home/luca/Scrivania/design/OR_con_constante/mic1_fpga/parte_operativa.vhd sub00/vhpl36 1553456178
AR ram behavioral /home/luca/Scrivania/design/OR_con_constante/mic1_fpga/ram_core.vhd sub00/vhpl44 1553456188
AR alu alu_structural /home/luca/Scrivania/design/OR_con_constante/mic1_fpga/alu.vhd sub00/vhpl13 1553456161
EN negedge_dff NULL /home/luca/Scrivania/design/OR_con_constante/mic1_fpga/negedge_dff.vhd sub00/vhpl00 1553456148
AR mpc behavioral /home/luca/Scrivania/design/OR_con_constante/mic1_fpga/mpc.vhd sub00/vhpl22 1553456170
AR divisore_freq behavioral /home/luca/Scrivania/design/OR_con_constante/mic1_fpga/divisore.vhd sub00/vhpl38 1553456182
AR switch_led behavioral /home/luca/Scrivania/design/OR_con_constante/mic1_fpga/Switch_Led.vhd sub00/vhpl54 1553456180
AR negedge_dff behavioral /home/luca/Scrivania/design/OR_con_constante/mic1_fpga/negedge_dff.vhd sub00/vhpl01 1553456149
AR mbr_register behavioral /home/luca/Scrivania/design/OR_con_constante/mic1_fpga/mbr.vhd sub00/vhpl11 1553456159
EN switch_led NULL /home/luca/Scrivania/design/OR_con_constante/mic1_fpga/Switch_Led.vhd sub00/vhpl53 1553456179
EN mdr_register NULL /home/luca/Scrivania/design/OR_con_constante/mic1_fpga/mdr_register.vhd sub00/vhpl08 1553456156
EN if_uart NULL C:/Users/mazze/Xilinx/Mic1/mic1_fpga/if_uart.vhd sub00/vhpl49 1546532795
EN boot_rom NULL /home/luca/Scrivania/design/OR_con_constante/mic1_fpga/rom8.vhd sub00/vhpl41 1553456185
AR dff behavioral /home/luca/Scrivania/design/OR_con_constante/mic1_fpga/dff.vhd sub00/vhpl03 1553456151
EN neg_edge_reg NULL /home/luca/Scrivania/design/OR_con_constante/mic1_fpga/neg_edge_reg.vhd sub00/vhpl14 1553456162
EN control_store NULL /home/luca/Scrivania/design/OR_con_constante/mic1_fpga/control_store.vhd sub00/vhpl17 1553456165
EN ram NULL /home/luca/Scrivania/design/OR_con_constante/mic1_fpga/ram_core.vhd sub00/vhpl43 1553456187
AR control_store behavioral /home/luca/Scrivania/design/OR_con_constante/mic1_fpga/control_store.vhd sub00/vhpl18 1553456166
EN decoder NULL /home/luca/Scrivania/design/OR_con_constante/mic1_fpga/4to16decoder.vhd sub00/vhpl25 1553456173
AR shifter behavioral /home/luca/Scrivania/design/OR_con_constante/mic1_fpga/shifter.vhd sub00/vhpl05 1553456153
AR uart_tx arch C:/Users/mazze/Xilinx/Mic1/mic1_fpga/uart_tx.vhd sub00/vhpl32 1546532778
EN uart_rx NULL C:/Users/mazze/Xilinx/Mic1/mic1_fpga/uart_rx.vhd sub00/vhpl29 1546532775
EN alu NULL /home/luca/Scrivania/design/OR_con_constante/mic1_fpga/alu.vhd sub00/vhpl12 1553456160
AR mic1 behavioral /home/luca/Scrivania/design/OR_con_constante/mic1_fpga/mic1.vhd sub00/vhpl40 1553456184
AR high_bit dataflow /home/luca/Scrivania/design/OR_con_constante/mic1_fpga/high_bit.vhd sub00/vhpl24 1553456172
EN uart_tx NULL C:/Users/mazze/Xilinx/Mic1/mic1_fpga/uart_tx.vhd sub00/vhpl31 1546532777
AR uart_rx arch C:/Users/mazze/Xilinx/Mic1/mic1_fpga/uart_rx.vhd sub00/vhpl30 1546532776
EN baud_gen NULL C:/Users/mazze/Xilinx/Mic1/mic1_fpga/baud_rate_gen.vhd sub00/vhpl27 1546532773
