AR latch_t dataflow /home/luca/Scrivania/Codici_tesina/Latch_T/Latch_rs.vhd sub00/vhpl03 1551118876
EN latch_t NULL /home/luca/Scrivania/Codici_tesina/Latch_T/Latch_rs.vhd sub00/vhpl02 1551118875
AR latch_rs dataflow /home/luca/ISE_ws/Latch_rs/Latch_rs.vhd sub00/vhpl01 1550743789
EN latch_rs NULL /home/luca/ISE_ws/Latch_rs/Latch_rs.vhd sub00/vhpl00 1550743788
