AR registro behavioral /home/giorgio/Documenti/Prova/registro.vhd sub00/vhpl21 1552220845
EN mux2 NULL /home/giorgio/Documenti/Prova/MUX2.vhd sub00/vhpl02 1552220826
AR ffd behavioral /home/giorgio/Documenti/Prova/FFD.vhd sub00/vhpl05 1552220829
EN flipflopmux NULL /home/giorgio/Documenti/Prova/flipflopmux.vhd sub00/vhpl12 1552220836
AR shift_register behavioral /home/giorgio/Documenti/Prova/Shift_register.vhd sub00/vhpl19 1552220843
AR moltiplicatore_booth behavioral /home/giorgio/Documenti/Prova/Moltiplicatore_Booth.vhd sub00/vhpl25 1552220849
AR controllo_overflow behavioral /home/giorgio/Documenti/Prova/Controllo_Overflow.vhd sub00/vhpl11 1552220835
EN ffd NULL /home/giorgio/Documenti/Prova/FFD.vhd sub00/vhpl04 1552220828
EN rca_add_sub NULL /home/giorgio/Documenti/Prova/RCA_ADD_SUB.vhd sub00/vhpl22 1552220846
AR flipflopmux structural /home/giorgio/Documenti/Prova/flipflopmux.vhd sub00/vhpl13 1552220837
EN xor_inversion NULL /home/giorgio/Documenti/Prova/XOR_Inversion.vhd sub00/vhpl06 1552220830
AR xor_inversion dataflow /home/giorgio/Documenti/Prova/XOR_Inversion.vhd sub00/vhpl07 1552220831
EN full_adder NULL /home/giorgio/Documenti/Prova/fulladder.vhd sub00/vhpl00 1552220824
AR rca_add_sub structural /home/giorgio/Documenti/Prova/RCA_ADD_SUB.vhd sub00/vhpl23 1552220847
EN counter_modn NULL /home/giorgio/Documenti/Prova/Counter_ModN.vhd sub00/vhpl14 1552220838
EN moltiplicatore_booth NULL /home/giorgio/Documenti/Prova/Moltiplicatore_Booth.vhd sub00/vhpl24 1552220848
EN controlunit NULL /home/giorgio/Documenti/Prova/ControlUnit.vhd sub00/vhpl16 1552220840
AR mux2 dataflow /home/giorgio/Documenti/Prova/MUX2.vhd sub00/vhpl03 1552220827
EN shift_register NULL /home/giorgio/Documenti/Prova/Shift_register.vhd sub00/vhpl18 1552220842
AR counter_modn behavioral /home/giorgio/Documenti/Prova/Counter_ModN.vhd sub00/vhpl15 1552220839
AR controlunit behavioral /home/giorgio/Documenti/Prova/ControlUnit.vhd sub00/vhpl17 1552220841
AR full_adder dataflow /home/giorgio/Documenti/Prova/fulladder.vhd sub00/vhpl01 1552220825
EN controllo_overflow NULL /home/giorgio/Documenti/Prova/Controllo_Overflow.vhd sub00/vhpl10 1552220834
AR ripple_carry structural /home/giorgio/Documenti/Prova/ripplecarry.vhd sub00/vhpl09 1552220833
EN ripple_carry NULL /home/giorgio/Documenti/Prova/ripplecarry.vhd sub00/vhpl08 1552220832
EN registro NULL /home/giorgio/Documenti/Prova/registro.vhd sub00/vhpl20 1552220844
