V3 51
FL /home/giorgio/Documenti/Prova/Controllo_Overflow.vhd 2016/12/14.23:10:03 P.20131013
EN work/Controllo_Overflow 1552220834 \
      FL /home/giorgio/Documenti/Prova/Controllo_Overflow.vhd \
      PB ieee/std_logic_1164 1381692176
AR work/Controllo_Overflow/Behavioral 1552220835 \
      FL /home/giorgio/Documenti/Prova/Controllo_Overflow.vhd \
      EN work/Controllo_Overflow 1552220834
FL /home/giorgio/Documenti/Prova/ControlUnit.vhd 2019/03/10.13:06:30 P.20131013
EN work/ControlUnit 1552220840 FL /home/giorgio/Documenti/Prova/ControlUnit.vhd \
      PB ieee/std_logic_1164 1381692176
AR work/ControlUnit/Behavioral 1552220841 \
      FL /home/giorgio/Documenti/Prova/ControlUnit.vhd EN work/ControlUnit 1552220840
FL /home/giorgio/Documenti/Prova/Counter_ModN.vhd 2016/12/18.18:06:03 P.20131013
EN work/Counter_ModN 1552220838 FL /home/giorgio/Documenti/Prova/Counter_ModN.vhd \
      PB ieee/std_logic_1164 1381692176 PB ieee/MATH_REAL 1381692182 \
      PB ieee/std_logic_arith 1381692177
AR work/Counter_ModN/Behavioral 1552220839 \
      FL /home/giorgio/Documenti/Prova/Counter_ModN.vhd EN work/Counter_ModN 1552220838
FL /home/giorgio/Documenti/Prova/FFD.vhd 2019/03/10.13:24:46 P.20131013
EN work/FFD 1552220828 FL /home/giorgio/Documenti/Prova/FFD.vhd \
      PB ieee/std_logic_1164 1381692176
AR work/FFD/Behavioral 1552220829 \
      FL /home/giorgio/Documenti/Prova/FFD.vhd EN work/FFD 1552220828
FL /home/giorgio/Documenti/Prova/flipflopmux.vhd 2019/03/04.19:23:49 P.20131013
EN work/flipflopmux 1552220836 FL /home/giorgio/Documenti/Prova/flipflopmux.vhd \
      PB ieee/std_logic_1164 1381692176
AR work/flipflopmux/Structural 1552220837 \
      FL /home/giorgio/Documenti/Prova/flipflopmux.vhd EN work/flipflopmux 1552220836 \
      CP MUX2 CP FFD
FL /home/giorgio/Documenti/Prova/fulladder.vhd 2016/12/14.23:10:05 P.20131013
EN work/full_adder 1552220824 FL /home/giorgio/Documenti/Prova/fulladder.vhd \
      PB ieee/std_logic_1164 1381692176
AR work/full_adder/Dataflow 1552220825 \
      FL /home/giorgio/Documenti/Prova/fulladder.vhd EN work/full_adder 1552220824
FL /home/giorgio/Documenti/Prova/Moltiplicatore_Booth.vhd 2019/03/10.13:16:15 P.20131013
EN work/Moltiplicatore_Booth 1552220848 \
      FL /home/giorgio/Documenti/Prova/Moltiplicatore_Booth.vhd \
      PB ieee/std_logic_1164 1381692176 PB ieee/NUMERIC_STD 1381692181 \
      PB ieee/std_logic_arith 1381692177 PB ieee/MATH_REAL 1381692182
AR work/Moltiplicatore_Booth/Behavioral 1552220849 \
      FL /home/giorgio/Documenti/Prova/Moltiplicatore_Booth.vhd \
      EN work/Moltiplicatore_Booth 1552220848 CP Counter_ModN CP ControlUnit \
      CP Shift_register CP registro CP RCA_ADD_SUB
FL /home/giorgio/Documenti/Prova/MUX2.vhd 2019/03/04.18:53:01 P.20131013
EN work/MUX2 1552220826 FL /home/giorgio/Documenti/Prova/MUX2.vhd \
      PB ieee/std_logic_1164 1381692176
AR work/MUX2/dataflow 1552220827 \
      FL /home/giorgio/Documenti/Prova/MUX2.vhd EN work/MUX2 1552220826
FL /home/giorgio/Documenti/Prova/RCA_ADD_SUB.vhd 2019/03/05.16:50:30 P.20131013
EN work/RCA_ADD_SUB 1552220846 FL /home/giorgio/Documenti/Prova/RCA_ADD_SUB.vhd \
      PB ieee/std_logic_1164 1381692176
AR work/RCA_ADD_SUB/Structural 1552220847 \
      FL /home/giorgio/Documenti/Prova/RCA_ADD_SUB.vhd EN work/RCA_ADD_SUB 1552220846 \
      CP XOR_Inversion CP ripple_carry CP Controllo_Overflow
FL /home/giorgio/Documenti/Prova/registro.vhd 2019/03/07.17:35:42 P.20131013
EN work/registro 1552220844 FL /home/giorgio/Documenti/Prova/registro.vhd \
      PB ieee/std_logic_1164 1381692176
AR work/registro/Behavioral 1552220845 \
      FL /home/giorgio/Documenti/Prova/registro.vhd EN work/registro 1552220844
FL /home/giorgio/Documenti/Prova/ripplecarry.vhd 2016/12/14.23:10:24 P.20131013
EN work/ripple_carry 1552220832 FL /home/giorgio/Documenti/Prova/ripplecarry.vhd \
      PB ieee/std_logic_1164 1381692176
AR work/ripple_carry/Structural 1552220833 \
      FL /home/giorgio/Documenti/Prova/ripplecarry.vhd EN work/ripple_carry 1552220832 \
      CP full_adder
FL /home/giorgio/Documenti/Prova/Shift_register.vhd 2019/03/10.13:26:55 P.20131013
EN work/Shift_register 1552220842 \
      FL /home/giorgio/Documenti/Prova/Shift_register.vhd PB ieee/std_logic_1164 1381692176
AR work/Shift_register/Behavioral 1552220843 \
      FL /home/giorgio/Documenti/Prova/Shift_register.vhd EN work/Shift_register 1552220842 \
      CP flipflopmux
FL /home/giorgio/Documenti/Prova/XOR_Inversion.vhd 2019/03/07.19:40:11 P.20131013
EN work/XOR_Inversion 1552220830 \
      FL /home/giorgio/Documenti/Prova/XOR_Inversion.vhd PB ieee/std_logic_1164 1381692176
AR work/XOR_Inversion/Dataflow 1552220831 \
      FL /home/giorgio/Documenti/Prova/XOR_Inversion.vhd EN work/XOR_Inversion 1552220830
