--------------------------------------------------------------------------------
Release 14.7 Trace  (lin64)
Copyright (c) 1995-2013 Xilinx, Inc.  All rights reserved.

/opt/Xilinx/14.7/ISE_DS/ISE/bin/lin64/unwrapped/trce -intstyle ise -e 3 -s 5 -n
3 -xml sistema_mic1.twx sistema_mic1.ncd -o sistema_mic1.twr sistema_mic1.pcf
-ucf myconf.ucf

Design file:              sistema_mic1.ncd
Physical constraint file: sistema_mic1.pcf
Device,package,speed:     xc3s250e,tq144,-5 (PRODUCTION 1.27 2013-10-13)
Report level:             error report

Environment Variable      Effect 
--------------------      ------ 
NONE                      No environment variables were set
--------------------------------------------------------------------------------

INFO:Timing:2698 - No timing constraints found, doing default enumeration.
INFO:Timing:3412 - To improve timing, see the Timing Closure User Guide (UG612).
INFO:Timing:2752 - To get complete path coverage, use the unconstrained paths 
   option. All paths that are not constrained will be reported in the 
   unconstrained paths section(s) of the report.
INFO:Timing:3339 - The clock-to-out numbers in this timing report are based on 
   a 50 Ohm transmission line loading model.  For the details of this model, 
   and for more information on accounting for different loading conditions, 
   please see the device datasheet.
INFO:Timing:3390 - This architecture does not support a default System Jitter 
   value, please add SYSTEM_JITTER constraint to the UCF to modify the Clock 
   Uncertainty calculation.
INFO:Timing:3389 - This architecture does not support 'Discrete Jitter' and 
   'Phase Error' calculations, these terms will be zero in the Clock 
   Uncertainty calculation.  Please make appropriate modification to 
   SYSTEM_JITTER to account for the unsupported Discrete Jitter and Phase 
   Error.



Data Sheet report:
-----------------
All values displayed in nanoseconds (ns)

Setup/Hold to clock ck
------------+------------+------------+------------------+--------+
            |Max Setup to|Max Hold to |                  | Clock  |
Source      | clk (edge) | clk (edge) |Internal Clock(s) | Phase  |
------------+------------+------------+------------------+--------+
Sw<0>       |    2.609(F)|    0.643(F)|ck_signal         |   0.000|
Sw<1>       |    2.608(F)|    0.644(F)|ck_signal         |   0.000|
Sw<2>       |    2.614(F)|    0.636(F)|ck_signal         |   0.000|
Sw<3>       |    2.628(F)|    0.620(F)|ck_signal         |   0.000|
Sw<4>       |    2.625(F)|    0.624(F)|ck_signal         |   0.000|
Sw<5>       |    2.628(F)|    0.620(F)|ck_signal         |   0.000|
Sw<6>       |    2.612(F)|    0.640(F)|ck_signal         |   0.000|
Sw<7>       |    2.612(F)|    0.639(F)|ck_signal         |   0.000|
done        |    3.857(F)|    1.642(F)|ck_signal         |   0.000|
------------+------------+------------+------------------+--------+

Clock ck to Pad
------------+------------+------------------+--------+
            | clk (edge) |                  | Clock  |
Destination |   to PAD   |Internal Clock(s) | Phase  |
------------+------------+------------------+--------+
LED<0>      |    6.505(F)|ck_signal         |   0.000|
LED<1>      |    6.505(F)|ck_signal         |   0.000|
LED<2>      |    6.521(F)|ck_signal         |   0.000|
LED<3>      |    6.521(F)|ck_signal         |   0.000|
LED<4>      |    6.526(F)|ck_signal         |   0.000|
LED<5>      |    6.526(F)|ck_signal         |   0.000|
LED<6>      |    6.529(F)|ck_signal         |   0.000|
LED<7>      |    6.529(F)|ck_signal         |   0.000|
------------+------------+------------------+--------+

Clock to Setup on destination clock ck
---------------+---------+---------+---------+---------+
               | Src:Rise| Src:Fall| Src:Rise| Src:Fall|
Source Clock   |Dest:Rise|Dest:Rise|Dest:Fall|Dest:Fall|
---------------+---------+---------+---------+---------+
ck             |   20.713|    6.286|   10.112|    6.133|
---------------+---------+---------+---------+---------+


Analysis completed Sun Mar 24 20:47:46 2019 
--------------------------------------------------------------------------------

Trace Settings:
-------------------------
Trace Settings 

Peak Memory Usage: 367 MB



