AR restoring structural /home/luca/ISE_ws/Divisore_rest/Restoring.vhd sub00/vhpl21 1552572983
AR rcaddsub structural /home/luca/ISE_ws/Divisore_rest/RCAddSub.vhd sub00/vhpl47 1552843067
EN shift_register_1bit NULL /home/luca/ISE_ws/Divisore_rest/shift_register_1bit.vhd sub00/vhpl40 1552591609
EN flipflopd NULL /home/luca/ISE_ws/Divisore_rest/flipflopd.vhd sub00/vhpl26 1552843048
EN ripple_carry_addsub NULL /home/luca/ISE_ws/Divisore_rest/Ripple_Carry_AddSub.vhd sub00/vhpl14 1552572976
AR ripple_carry_addsub structural /home/luca/ISE_ws/Divisore_rest/Ripple_Carry_AddSub.vhd sub00/vhpl15 1552572977
AR reg behavioral /home/luca/ISE_ws/Divisore_rest/reg.vhd sub00/vhpl39 1552843059
EN mux2 NULL /home/luca/ISE_ws/Divisore_rest/mux2.vhd sub00/vhpl58 1552843046
AR flipflopd_precaricato behavioral /home/luca/ISE_ws/Divisore_rest/flipflopd_precaricato.vhd sub00/vhpl25 1552577568
EN flipflopmux NULL /home/luca/ISE_ws/Divisore_rest/flipflopmux.vhd sub00/vhpl36 1552843056
AR ffd behavioral /home/luca/ISE_ws/Divisore_rest/FFD.vhd sub00/vhpl55 1552588563
EN cu NULL /home/luca/ISE_ws/Divisore_rest/CU.vhd sub00/vhpl16 1552572978
AR control_unit behavioral /home/luca/ISE_ws/Divisore_rest/control_unit.vhd sub00/vhpl49 1552843069
AR shift_register behavioral /home/luca/ISE_ws/Divisore_rest/shift_register.vhd sub00/vhpl53 1552843061
EN xorinversion NULL /home/luca/ISE_ws/Divisore_rest/xorInversion.vhd sub00/vhpl28 1552843050
AR shift_register_1bit structural /home/luca/ISE_ws/Divisore_rest/shift_register_1bit.vhd sub00/vhpl41 1552591610
AR muxn behavioral /home/luca/ISE_ws/Divisore_rest/MUXN.vhd sub00/vhpl57 1552843063
AR ffdmux structural /home/luca/ISE_ws/Divisore_rest/ffdmux.vhd sub00/vhpl07 1552572969
AR controllo_overflow behavioral /home/luca/ISE_ws/Divisore_rest/Controllo_Overflow.vhd sub00/vhpl33 1552843055
AR shiftregister structural /home/luca/ISE_ws/Divisore_rest/shiftregister.vhd sub00/vhpl09 1552572971
EN ffd NULL /home/luca/ISE_ws/Divisore_rest/FFD.vhd sub00/vhpl54 1552588562
EN shiftregister NULL /home/luca/ISE_ws/Divisore_rest/shiftregister.vhd sub00/vhpl08 1552572970
EN ffdmux NULL /home/luca/ISE_ws/Divisore_rest/ffdmux.vhd sub00/vhpl06 1552572968
EN muxn NULL /home/luca/ISE_ws/Divisore_rest/MUXN.vhd sub00/vhpl56 1552843062
AR flipflopmux structural /home/luca/ISE_ws/Divisore_rest/flipflopmux.vhd sub00/vhpl37 1552843057
EN po NULL /home/luca/ISE_ws/Divisore_rest/PO.vhd sub00/vhpl18 1552572980
EN cont_mod_n NULL /home/luca/ISE_ws/Divisore_rest/cont_mod_n.vhd sub00/vhpl12 1552572974
AR ffdabilitato behavioral /home/luca/ISE_ws/Divisore_rest/FFDAbilitato.vhd sub00/vhpl03 1552572965
EN flipflopmux_precaricato NULL /home/luca/ISE_ws/Divisore_rest/flipflopMux_precaricato.vhd sub00/vhpl34 1552577577
AR flipflopmux_precaricato behavioral /home/luca/ISE_ws/Divisore_rest/flipflopMux_precaricato.vhd sub00/vhpl35 1552577578
EN full_adder NULL /home/luca/ISE_ws/Divisore_rest/fulladder.vhd sub00/vhpl04 1552843044
AR mux2_1 dataflow /home/luca/ISE_ws/Divisore_rest/mux2_1.vhd sub00/vhpl23 1552588561
EN restoring NULL /home/luca/ISE_ws/Divisore_rest/Restoring.vhd sub00/vhpl20 1552572982
EN registro_precaricato NULL /home/luca/ISE_ws/Divisore_rest/registro_precaricato.vhd sub00/vhpl42 1552577585
EN mux2_1 NULL /home/luca/ISE_ws/Divisore_rest/mux2_1.vhd sub00/vhpl22 1552588560
EN counter_modn NULL /home/luca/ISE_ws/Divisore_rest/cont_modn.vhd sub00/vhpl44 1552843064
AR registro_precaricato structural /home/luca/ISE_ws/Divisore_rest/registro_precaricato.vhd sub00/vhpl43 1552577586
EN ffdabilitato NULL /home/luca/ISE_ws/Divisore_rest/FFDAbilitato.vhd sub00/vhpl02 1552572964
EN mux NULL /home/luca/ISE_ws/Divisore_rest/Mux.vhd sub00/vhpl00 1552572962
EN divisore_restoring NULL /home/luca/ISE_ws/Divisore_rest/divisore_restoring.vhd sub00/vhpl50 1552843070
AR mux2 dataflow /home/luca/ISE_ws/Divisore_rest/mux2.vhd sub00/vhpl59 1552843047
AR po structural /home/luca/ISE_ws/Divisore_rest/PO.vhd sub00/vhpl19 1552572981
EN control_unit NULL /home/luca/ISE_ws/Divisore_rest/control_unit.vhd sub00/vhpl48 1552843068
EN shift_register NULL /home/luca/ISE_ws/Divisore_rest/shift_register.vhd sub00/vhpl52 1552843060
EN register_n NULL /home/luca/ISE_ws/Divisore_rest/register_n.vhd sub00/vhpl10 1552572972
AR xorinversion dataflow /home/luca/ISE_ws/Divisore_rest/xorInversion.vhd sub00/vhpl29 1552843051
EN rcaddsub NULL /home/luca/ISE_ws/Divisore_rest/RCAddSub.vhd sub00/vhpl46 1552843066
AR register_n behavioral /home/luca/ISE_ws/Divisore_rest/register_n.vhd sub00/vhpl11 1552572973
EN reg NULL /home/luca/ISE_ws/Divisore_rest/reg.vhd sub00/vhpl38 1552843058
AR counter_modn behavioral /home/luca/ISE_ws/Divisore_rest/cont_modn.vhd sub00/vhpl45 1552843065
AR full_adder dataflow /home/luca/ISE_ws/Divisore_rest/fulladder.vhd sub00/vhpl05 1552843045
AR mux dataflow /home/luca/ISE_ws/Divisore_rest/Mux.vhd sub00/vhpl01 1552572963
AR cont_mod_n behavioral /home/luca/ISE_ws/Divisore_rest/cont_mod_n.vhd sub00/vhpl13 1552572975
AR cu behavioral /home/luca/ISE_ws/Divisore_rest/CU.vhd sub00/vhpl17 1552572979
EN controllo_overflow NULL /home/luca/ISE_ws/Divisore_rest/Controllo_Overflow.vhd sub00/vhpl32 1552843054
AR flipflopd behavioral /home/luca/ISE_ws/Divisore_rest/flipflopd.vhd sub00/vhpl27 1552843049
AR divisore_restoring structural /home/luca/ISE_ws/Divisore_rest/divisore_restoring.vhd sub00/vhpl51 1552843071
AR ripple_carry structural /home/luca/ISE_ws/Divisore_rest/ripplecarry.vhd sub00/vhpl31 1552843053
EN flipflopd_precaricato NULL /home/luca/ISE_ws/Divisore_rest/flipflopd_precaricato.vhd sub00/vhpl24 1552577567
EN ripple_carry NULL /home/luca/ISE_ws/Divisore_rest/ripplecarry.vhd sub00/vhpl30 1552843052
